// Jest Snapshot v1, https://goo.gl/fbAQLP

exports[`Login Snapshot has not changed unexpectedly 1`] = `
<div
  className="Login"
>
  <div
    className="Login-header"
  >
    <h1
      className="Login-title"
    >
      Welcome to MusicMonkey for Hosts
    </h1>
  </div>
  <div
    className="Login-content"
  >
    <a
      href="http://music-monkey-api.eu-west-1.elasticbeanstalk.com/login?redirectTo=http://musicmonkeyhost-hosting-mobilehub-246253618.s3-website.eu-west-1.amazonaws.com/callback"
    >
      <img
        alt="login"
        className="Login-button"
        src="spotify-login.svg"
      />
    </a>
  </div>
</div>
`;
