// Jest Snapshot v1, https://goo.gl/fbAQLP

exports[`Events Snapshot has not changed unexpectedly 1`] = `
<div>
  <button
    aria-label="add"
    className="MuiButtonBase-root-16 MuiButton-root-1 MuiButton-raised-6 MuiButton-fab-11 MuiButton-raisedPrimary-7"
    disabled={false}
    onBlur={[Function]}
    onFocus={[Function]}
    onKeyDown={[Function]}
    onKeyUp={[Function]}
    onMouseDown={[Function]}
    onMouseLeave={[Function]}
    onMouseUp={[Function]}
    onTouchEnd={[Function]}
    onTouchMove={[Function]}
    onTouchStart={[Function]}
    tabIndex="0"
    type="button"
  >
    <span
      className="MuiButton-label-2"
    >
      <svg
        aria-hidden="true"
        className="MuiSvgIcon-root-18"
        color={undefined}
        focusable="false"
        viewBox="0 0 24 24"
      >
        <g>
          <path
            d="M19 13h-6v6h-2v-6H5v-2h6V5h2v6h6v2z"
          />
        </g>
      </svg>
    </span>
    <span
      className="MuiTouchRipple-root-24"
    />
  </button>
</div>
`;
