// Jest Snapshot v1, https://goo.gl/fbAQLP

exports[`Events Snapshot has not changed unexpectedly 1`] = `
<div
  className="Events"
>
  <div
    className="Events-no-events-message"
  >
    <h3>
      Looks like you have not created any events yet. Would you like to
       
      <a
        href="/create-event"
        onClick={[Function]}
      >
        Create One
      </a>
      ?
    </h3>
  </div>
  <a
    href="/create-event"
    onClick={[Function]}
  >
    <button
      aria-describedby="tooltip-fab"
      aria-label="Create Event"
      className="MuiButtonBase-root-25 MuiButton-root-10 MuiButton-raised-15 MuiButton-fab-20 MuiButton-raisedPrimary-16"
      disabled={false}
      onBlur={[Function]}
      onFocus={[Function]}
      onKeyDown={[Function]}
      onKeyUp={[Function]}
      onMouseDown={[Function]}
      onMouseLeave={[Function]}
      onMouseOver={[Function]}
      onMouseUp={[Function]}
      onTouchEnd={[Function]}
      onTouchMove={[Function]}
      onTouchStart={[Function]}
      tabIndex="0"
      type="button"
    >
      <span
        className="MuiButton-label-11"
      >
        <svg
          aria-hidden="true"
          className="MuiSvgIcon-root-27"
          color={undefined}
          focusable="false"
          viewBox="0 0 24 24"
        >
          <g>
            <path
              d="M19 13h-6v6h-2v-6H5v-2h6V5h2v6h6v2z"
            />
          </g>
        </svg>
      </span>
      <span
        className="MuiTouchRipple-root-33"
      />
    </button>
  </a>
</div>
`;
